#
# There is insufficient memory for the Java Runtime Environment to continue.
# Native memory allocation (malloc) failed to allocate 678976 bytes. Error detail: Chunk::new
# Possible reasons:
#   The system is out of physical RAM or swap space
#   This process is running with CompressedOops enabled, and the Java Heap may be blocking the growth of the native heap
# Possible solutions:
#   Reduce memory load on the system
#   Increase physical memory or swap space
#   Check if swap backing store is full
#   Decrease Java heap size (-Xmx/-Xms)
#   Decrease number of Java threads
#   Decrease Java thread stack sizes (-Xss)
#   Set larger code cache with -XX:ReservedCodeCacheSize=
#   JVM is running with Zero Based Compressed Oops mode in which the Java heap is
#     placed in the first 32GB address space. The Java Heap base address is the
#     maximum limit for the native heap growth. Please use -XX:HeapBaseMinAddress
#     to set the Java Heap base and to place the Java Heap above 32GB virtual address.
# This output file may be truncated or incomplete.
#
#  Out of Memory Error (arena.cpp:162), pid=24340, tid=14068
#
# JRE version: Java(TM) SE Runtime Environment (24.0.1+9) (build 24.0.1+9-30)
# Java VM: Java HotSpot(TM) 64-Bit Server VM (24.0.1+9-30, mixed mode, sharing, tiered, compressed oops, compressed class ptrs, g1 gc, windows-amd64)
# No core dump will be written. Minidumps are not enabled by default on client versions of Windows
#

---------------  S U M M A R Y ------------

Command Line: -javaagent:C:\Program Files\JetBrains\IntelliJ IDEA Community Edition 2025.2.1\lib\idea_rt.jar=65076 -Dfile.encoding=UTF-8 -Dsun.stdout.encoding=UTF-8 -Dsun.stderr.encoding=UTF-8 --module-path=C:\Users\Admin\.m2\repository\org\kordamp\bootstrapfx\bootstrapfx-core\0.4.0\bootstrapfx-core-0.4.0.jar;C:\Users\Admin\.m2\repository\eu\hansolo\tilesfx\21.0.9\tilesfx-21.0.9.jar;C:\Users\Admin\.m2\repository\com\fasterxml\jackson\core\jackson-databind\2.14.2\jackson-databind-2.14.2.jar;C:\Users\Admin\.m2\repository\eu\hansolo\fx\countries\21.0.17\countries-21.0.17.jar;C:\Users\Admin\.m2\repository\eu\hansolo\fx\heatmap\21.0.5\heatmap-21.0.5.jar;C:\Users\Admin\.m2\repository\com\gluonhq\attach\storage\4.0.17\storage-4.0.17.jar;C:\Users\Admin\.m2\repository\com\github\almasb\fxgl\17.3\fxgl-17.3.jar;C:\Users\Admin\.m2\repository\org\openjfx\javafx-base\21.0.6\javafx-base-21.0.6-win.jar;C:\Users\Admin\.m2\repository\org\kordamp\ikonli\ikonli-javafx\12.3.1\ikonli-javafx-12.3.1.jar;C:\Users\Admin\.m2\repository\org\kordamp\ikonli\ikonli-core\12.3.1\ikonli-core-12.3.1.jar;C:\Users\Admin\.m2\repository\com\github\almasb\fxgl-gameplay\17.3\fxgl-gameplay-17.3.jar;C:\Users\Admin\.m2\repository\org\jetbrains\kotlin\kotlin-stdlib\1.8.10\kotlin-stdlib-1.8.10.jar;C:\Users\Admin\.m2\repository\org\openjfx\javafx-graphics\21.0.6\javafx-graphics-21.0.6-win.jar;C:\Users\Admin\.m2\repository\org\openjfx\javafx-swing\21.0.6\javafx-swing-21.0.6-win.jar;C:\Users\Admin\.m2\repository\com\github\almasb\fxgl-core\17.3\fxgl-core-17.3.jar;C:\Users\Admin\.m2\repository\com\github\almasb\fxgl-io\17.3\fxgl-io-17.3.jar;C:\Users\Admin\.m2\repository\com\dlsc\formsfx\formsfx-core\11.6.0\formsfx-core-11.6.0.jar;C:\Users\Admin\.m2\repository\org\controlsfx\controlsfx\11.2.1\controlsfx-11.2.1.jar;C:\Users\Admin\.m2\repository\net\synedra\validatorfx\0.6.1\validatorfx-0.6.1.jar;C:\Users\Admin\.m2\repository\com\gluonhq\attach\audio\4.0.17\audio-4.0.17.jar;C:\Users\Admin\.m2\repository\org\openjfx\javafx-fxml\21.0.6\javafx-fxml-21.0.6-win.jar;C:\Users\Admin\.m2\repository\eu\hansolo\toolboxfx\21.0.5\toolboxfx-21.0.5.jar;C:\Users\Admin\.m2\repository\com\fasterxml\jackson\core\jackson-anno-Djdk.module.main=com.example.ultraviewdemo com.example.ultraviewdemo/com.example.ultraviewdemo.client.ViewerClient

Host: 11th Gen Intel(R) Core(TM) i5-1135G7 @ 2.40GHz, 8 cores, 23G,  Windows 11 , 64 bit Build 26100 (10.0.26100.5074)
Time: Sat Sep 20 21:21:15 2025 SE Asia Standard Time elapsed time: 0.453207 seconds (0d 0h 0m 0s)

---------------  T H R E A D  ---------------

Current thread (0x0000018d7fe8f410):  JavaThread "C2 CompilerThread0" daemon [_thread_in_native, id=14068, stack(0x000000106ae00000,0x000000106af00000) (1024K)]


Current CompileTask:
C2:453  523       4       jdk.internal.module.ModulePath$$Lambda/0x800000058::apply (12 bytes)

Stack: [0x000000106ae00000,0x000000106af00000]
Native frames: (J=compiled Java code, j=interpreted, Vv=VM code, C=native code)
V  [jvm.dll+0x730739]  (no source info available)
V  [jvm.dll+0x8d9b23]  (no source info available)
V  [jvm.dll+0x8dc00d]  (no source info available)
V  [jvm.dll+0x8dc683]  (no source info available)
V  [jvm.dll+0x2aa086]  (no source info available)
V  [jvm.dll+0xcedef]  (no source info available)
V  [jvm.dll+0xcf04f]  (no source info available)
V  [jvm.dll+0x3f373c]  (no source info available)
V  [jvm.dll+0x3c0100]  (no source info available)
V  [jvm.dll+0x3bf58a]  (no source info available)
V  [jvm.dll+0x26f777]  (no source info available)
V  [jvm.dll+0x26ea3f]  (no source info available)
V  [jvm.dll+0x1e9d60]  (no source info available)
V  [jvm.dll+0x27e1fb]  (no source info available)
V  [jvm.dll+0x27c49a]  (no source info available)
V  [jvm.dll+0x42f456]  (no source info available)
V  [jvm.dll+0x87d76b]  (no source info available)
V  [jvm.dll+0x72ee55]  (no source info available)
C  [ucrtbase.dll+0x37b0]  (no source info available)
C  [KERNEL32.DLL+0x2e8d7]  (no source info available)
C  [ntdll.dll+0x8d9c]  (no source info available)

Lock stack of current Java thread (top to bottom):


---------------  P R O C E S S  ---------------

Threads class SMR info:
_java_thread_list=0x0000018d0f44c310, length=12, elements={
0x0000018d6d273af0, 0x0000018d7fe87b90, 0x0000018d7fe884d0, 0x0000018d7fe8b010,
0x0000018d7fe8bb40, 0x0000018d7fe8c670, 0x0000018d7fe8e5b0, 0x0000018d7fe8f410,
0x0000018d7feb5720, 0x0000018d0f1b47c0, 0x0000018d0f2a0940, 0x0000018d0f4b6b60
}

Java Threads: ( => current thread )
  0x0000018d6d273af0 JavaThread "main"                              [_thread_in_Java, id=11880, stack(0x000000106a000000,0x000000106a100000) (1024K)]
  0x0000018d7fe87b90 JavaThread "Reference Handler"          daemon [_thread_blocked, id=6728, stack(0x000000106a800000,0x000000106a900000) (1024K)]
  0x0000018d7fe884d0 JavaThread "Finalizer"                  daemon [_thread_blocked, id=7524, stack(0x000000106a900000,0x000000106aa00000) (1024K)]
  0x0000018d7fe8b010 JavaThread "Signal Dispatcher"          daemon [_thread_blocked, id=7232, stack(0x000000106aa00000,0x000000106ab00000) (1024K)]
  0x0000018d7fe8bb40 JavaThread "Attach Listener"            daemon [_thread_blocked, id=16772, stack(0x000000106ab00000,0x000000106ac00000) (1024K)]
  0x0000018d7fe8c670 JavaThread "Service Thread"             daemon [_thread_blocked, id=23688, stack(0x000000106ac00000,0x000000106ad00000) (1024K)]
  0x0000018d7fe8e5b0 JavaThread "Monitor Deflation Thread"   daemon [_thread_blocked, id=22612, stack(0x000000106ad00000,0x000000106ae00000) (1024K)]
=>0x0000018d7fe8f410 JavaThread "C2 CompilerThread0"         daemon [_thread_in_native, id=14068, stack(0x000000106ae00000,0x000000106af00000) (1024K)]
  0x0000018d7feb5720 JavaThread "C1 CompilerThread0"         daemon [_thread_in_native, id=16724, stack(0x000000106af00000,0x000000106b000000) (1024K)]
  0x0000018d0f1b47c0 JavaThread "Common-Cleaner"             daemon [_thread_blocked, id=20192, stack(0x000000106b000000,0x000000106b100000) (1024K)]
  0x0000018d0f2a0940 JavaThread "C2 CompilerThread1"         daemon [_thread_in_native, id=3672, stack(0x000000106b100000,0x000000106b200000) (1024K)]
  0x0000018d0f4b6b60 JavaThread "C2 CompilerThread2"         daemon [_thread_in_native, id=17080, stack(0x000000106b200000,0x000000106b300000) (1024K)]
Total: 12

Other Threads:
  0x0000018d7fe75780 VMThread "VM Thread"                           [id=17092, stack(0x000000106a700000,0x000000106a800000) (1024K)]
  0x0000018d7fe6b4d0 WatcherThread "VM Periodic Task Thread"        [id=10540, stack(0x000000106a600000,0x000000106a700000) (1024K)]
  0x0000018d6d2f8b30 WorkerThread "GC Thread#0"                     [id=14144, stack(0x000000106a100000,0x000000106a200000) (1024K)]
  0x0000018d6d3097e0 ConcurrentGCThread "G1 Main Marker"            [id=17604, stack(0x000000106a200000,0x000000106a300000) (1024K)]
  0x0000018d6d30b0f0 WorkerThread "G1 Conc#0"                       [id=7604, stack(0x000000106a300000,0x000000106a400000) (1024K)]
  0x0000018d7fd3d0a0 ConcurrentGCThread "G1 Refine#0"               [id=7956, stack(0x000000106a400000,0x000000106a500000) (1024K)]
  0x0000018d7fd3db30 ConcurrentGCThread "G1 Service"                [id=11044, stack(0x000000106a500000,0x000000106a600000) (1024K)]
Total: 7

Threads with active compile tasks:
C2 CompilerThread0  538  523       4       jdk.internal.module.ModulePath$$Lambda/0x800000058::apply (12 bytes)
C1 CompilerThread0  538  694       3       java.lang.invoke.MethodType::checkPtypes (76 bytes)
C2 CompilerThread1  538  585   !   4       java.util.zip.ZipFile$EntrySpliterator::tryAdvance (99 bytes)
C2 CompilerThread2  538  524       4       jdk.internal.module.ModulePath::toPackageName (120 bytes)
Total: 4

VM state: not at safepoint (normal execution)

VM Mutex/Monitor currently owned by a thread: None

Heap address: 0x0000000684400000, size: 6076 MB, Compressed Oops mode: Zero based, Oop shift amount: 3

CDS archive(s) mapped at: [0x0000018d10000000-0x0000018d10d40000-0x0000018d10d40000), size 13893632, SharedBaseAddress: 0x0000018d10000000, ArchiveRelocationMode: 1.
Compressed class space mapped at: 0x0000018d11000000-0x0000018d51000000, reserved size: 1073741824
UseCompressedClassPointers 1, UseCompactObjectHeaders 0
Narrow klass pointer bits 32, Max shift 3
Narrow klass base: 0x0000018d10000000, Narrow klass shift: 0
Encoding Range: [0x0000018d10000000 - 0x0000018e10000000), (4294967296 bytes)
Klass Range:    [0x0000018d10000000 - 0x0000018d51000000), (1090519040 bytes)
Klass ID Range:  [8 - 1090519033) (1090519025)

GC Precious Log:
 CardTable entry size: 512
 Card Set container configuration: InlinePtr #cards 4 size 8 Array Of Cards #cards 32 size 80 Howl #buckets 8 coarsen threshold 7372 Howl Bitmap #cards 1024 size 144 coarsen threshold 921 Card regions per heap region 1 cards per card region 8192
 CPUs: 8 total, 8 available
 Memory: 24298M
 Large Page Support: Disabled
 NUMA Support: Disabled
 Compressed Oops: Enabled (Zero based)
 Heap Region Size: 4M
 Heap Min Capacity: 8M
 Heap Initial Capacity: 380M
 Heap Max Capacity: 6076M
 Pre-touch: Disabled
 Parallel Workers: 8
 Concurrent Workers: 2
 Concurrent Refinement Workers: 8
 Periodic GC: Disabled

Heap:
 garbage-first heap   total reserved 6221824K, committed 393216K, used 13428K [0x0000000684400000, 0x0000000800000000)
  region size 4096K, 4 young (16384K), 0 survivors (0K)
 Metaspace       used 964K, committed 1152K, reserved 1114112K
  class space    used 54K, committed 128K, reserved 1048576K

Heap Regions: E=young(eden), S=young(survivor), O=old, HS=humongous(starts), HC=humongous(continues), CS=collection set, F=free, TAMS=top-at-mark-start, PB=parsable bottom
|   0|0x0000000684400000, 0x0000000684400000, 0x0000000684800000|  0%| F|  |TAMS 0x0000000684400000| PB 0x0000000684400000| Untracked |  0
|   1|0x0000000684800000, 0x0000000684800000, 0x0000000684c00000|  0%| F|  |TAMS 0x0000000684800000| PB 0x0000000684800000| Untracked |  0
|   2|0x0000000684c00000, 0x0000000684c00000, 0x0000000685000000|  0%| F|  |TAMS 0x0000000684c00000| PB 0x0000000684c00000| Untracked |  0
|   3|0x0000000685000000, 0x0000000685000000, 0x0000000685400000|  0%| F|  |TAMS 0x0000000685000000| PB 0x0000000685000000| Untracked |  0
|   4|0x0000000685400000, 0x0000000685400000, 0x0000000685800000|  0%| F|  |TAMS 0x0000000685400000| PB 0x0000000685400000| Untracked |  0
|   5|0x0000000685800000, 0x0000000685800000, 0x0000000685c00000|  0%| F|  |TAMS 0x0000000685800000| PB 0x0000000685800000| Untracked |  0
|   6|0x0000000685c00000, 0x0000000685c00000, 0x0000000686000000|  0%| F|  |TAMS 0x0000000685c00000| PB 0x0000000685c00000| Untracked |  0
|   7|0x0000000686000000, 0x0000000686000000, 0x0000000686400000|  0%| F|  |TAMS 0x0000000686000000| PB 0x0000000686000000| Untracked |  0
|   8|0x0000000686400000, 0x0000000686400000, 0x0000000686800000|  0%| F|  |TAMS 0x0000000686400000| PB 0x0000000686400000| Untracked |  0
|   9|0x0000000686800000, 0x0000000686800000, 0x0000000686c00000|  0%| F|  |TAMS 0x0000000686800000| PB 0x0000000686800000| Untracked |  0
|  10|0x0000000686c00000, 0x0000000686c00000, 0x0000000687000000|  0%| F|  |TAMS 0x0000000686c00000| PB 0x0000000686c00000| Untracked |  0
|  11|0x0000000687000000, 0x0000000687000000, 0x0000000687400000|  0%| F|  |TAMS 0x0000000687000000| PB 0x0000000687000000| Untracked |  0
|  12|0x0000000687400000, 0x0000000687400000, 0x0000000687800000|  0%| F|  |TAMS 0x0000000687400000| PB 0x0000000687400000| Untracked |  0
|  13|0x0000000687800000, 0x0000000687800000, 0x0000000687c00000|  0%| F|  |TAMS 0x0000000687800000| PB 0x0000000687800000| Untracked |  0
|  14|0x0000000687c00000, 0x0000000687c00000, 0x0000000688000000|  0%| F|  |TAMS 0x0000000687c00000| PB 0x0000000687c00000| Untracked |  0
|  15|0x0000000688000000, 0x0000000688000000, 0x0000000688400000|  0%| F|  |TAMS 0x0000000688000000| PB 0x0000000688000000| Untracked |  0
|  16|0x0000000688400000, 0x0000000688400000, 0x0000000688800000|  0%| F|  |TAMS 0x0000000688400000| PB 0x0000000688400000| Untracked |  0
|  17|0x0000000688800000, 0x0000000688800000, 0x0000000688c00000|  0%| F|  |TAMS 0x0000000688800000| PB 0x0000000688800000| Untracked |  0
|  18|0x0000000688c00000, 0x0000000688c00000, 0x0000000689000000|  0%| F|  |TAMS 0x0000000688c00000| PB 0x0000000688c00000| Untracked |  0
|  19|0x0000000689000000, 0x0000000689000000, 0x0000000689400000|  0%| F|  |TAMS 0x0000000689000000| PB 0x0000000689000000| Untracked |  0
|  20|0x0000000689400000, 0x0000000689400000, 0x0000000689800000|  0%| F|  |TAMS 0x0000000689400000| PB 0x0000000689400000| Untracked |  0
|  21|0x0000000689800000, 0x0000000689800000, 0x0000000689c00000|  0%| F|  |TAMS 0x0000000689800000| PB 0x0000000689800000| Untracked |  0
|  22|0x0000000689c00000, 0x0000000689c00000, 0x000000068a000000|  0%| F|  |TAMS 0x0000000689c00000| PB 0x0000000689c00000| Untracked |  0
|  23|0x000000068a000000, 0x000000068a000000, 0x000000068a400000|  0%| F|  |TAMS 0x000000068a000000| PB 0x000000068a000000| Untracked |  0
|  24|0x000000068a400000, 0x000000068a400000, 0x000000068a800000|  0%| F|  |TAMS 0x000000068a400000| PB 0x000000068a400000| Untracked |  0
|  25|0x000000068a800000, 0x000000068a800000, 0x000000068ac00000|  0%| F|  |TAMS 0x000000068a800000| PB 0x000000068a800000| Untracked |  0
|  26|0x000000068ac00000, 0x000000068ac00000, 0x000000068b000000|  0%| F|  |TAMS 0x000000068ac00000| PB 0x000000068ac00000| Untracked |  0
|  27|0x000000068b000000, 0x000000068b000000, 0x000000068b400000|  0%| F|  |TAMS 0x000000068b000000| PB 0x000000068b000000| Untracked |  0
|  28|0x000000068b400000, 0x000000068b400000, 0x000000068b800000|  0%| F|  |TAMS 0x000000068b400000| PB 0x000000068b400000| Untracked |  0
|  29|0x000000068b800000, 0x000000068b800000, 0x000000068bc00000|  0%| F|  |TAMS 0x000000068b800000| PB 0x000000068b800000| Untracked |  0
|  30|0x000000068bc00000, 0x000000068bc00000, 0x000000068c000000|  0%| F|  |TAMS 0x000000068bc00000| PB 0x000000068bc00000| Untracked |  0
|  31|0x000000068c000000, 0x000000068c000000, 0x000000068c400000|  0%| F|  |TAMS 0x000000068c000000| PB 0x000000068c000000| Untracked |  0
|  32|0x000000068c400000, 0x000000068c400000, 0x000000068c800000|  0%| F|  |TAMS 0x000000068c400000| PB 0x000000068c400000| Untracked |  0
|  33|0x000000068c800000, 0x000000068c800000, 0x000000068cc00000|  0%| F|  |TAMS 0x000000068c800000| PB 0x000000068c800000| Untracked |  0
|  34|0x000000068cc00000, 0x000000068cc00000, 0x000000068d000000|  0%| F|  |TAMS 0x000000068cc00000| PB 0x000000068cc00000| Untracked |  0
|  35|0x000000068d000000, 0x000000068d000000, 0x000000068d400000|  0%| F|  |TAMS 0x000000068d000000| PB 0x000000068d000000| Untracked |  0
|  36|0x000000068d400000, 0x000000068d400000, 0x000000068d800000|  0%| F|  |TAMS 0x000000068d400000| PB 0x000000068d400000| Untracked |  0
|  37|0x000000068d800000, 0x000000068d800000, 0x000000068dc00000|  0%| F|  |TAMS 0x000000068d800000| PB 0x000000068d800000| Untracked |  0
|  38|0x000000068dc00000, 0x000000068dc00000, 0x000000068e000000|  0%| F|  |TAMS 0x000000068dc00000| PB 0x000000068dc00000| Untracked |  0
|  39|0x000000068e000000, 0x000000068e000000, 0x000000068e400000|  0%| F|  |TAMS 0x000000068e000000| PB 0x000000068e000000| Untracked |  0
|  40|0x000000068e400000, 0x000000068e400000, 0x000000068e800000|  0%| F|  |TAMS 0x000000068e400000| PB 0x000000068e400000| Untracked |  0
|  41|0x000000068e800000, 0x000000068e800000, 0x000000068ec00000|  0%| F|  |TAMS 0x000000068e800000| PB 0x000000068e800000| Untracked |  0
|  42|0x000000068ec00000, 0x000000068ec00000, 0x000000068f000000|  0%| F|  |TAMS 0x000000068ec00000| PB 0x000000068ec00000| Untracked |  0
|  43|0x000000068f000000, 0x000000068f000000, 0x000000068f400000|  0%| F|  |TAMS 0x000000068f000000| PB 0x000000068f000000| Untracked |  0
|  44|0x000000068f400000, 0x000000068f400000, 0x000000068f800000|  0%| F|  |TAMS 0x000000068f400000| PB 0x000000068f400000| Untracked |  0
|  45|0x000000068f800000, 0x000000068f800000, 0x000000068fc00000|  0%| F|  |TAMS 0x000000068f800000| PB 0x000000068f800000| Untracked |  0
|  46|0x000000068fc00000, 0x000000068fc00000, 0x0000000690000000|  0%| F|  |TAMS 0x000000068fc00000| PB 0x000000068fc00000| Untracked |  0
|  47|0x0000000690000000, 0x0000000690000000, 0x0000000690400000|  0%| F|  |TAMS 0x0000000690000000| PB 0x0000000690000000| Untracked |  0
|  48|0x0000000690400000, 0x0000000690400000, 0x0000000690800000|  0%| F|  |TAMS 0x0000000690400000| PB 0x0000000690400000| Untracked |  0
|  49|0x0000000690800000, 0x0000000690800000, 0x0000000690c00000|  0%| F|  |TAMS 0x0000000690800000| PB 0x0000000690800000| Untracked |  0
|  50|0x0000000690c00000, 0x0000000690c00000, 0x0000000691000000|  0%| F|  |TAMS 0x0000000690c00000| PB 0x0000000690c00000| Untracked |  0
|  51|0x0000000691000000, 0x0000000691000000, 0x0000000691400000|  0%| F|  |TAMS 0x0000000691000000| PB 0x0000000691000000| Untracked |  0
|  52|0x0000000691400000, 0x0000000691400000, 0x0000000691800000|  0%| F|  |TAMS 0x0000000691400000| PB 0x0000000691400000| Untracked |  0
|  53|0x0000000691800000, 0x0000000691800000, 0x0000000691c00000|  0%| F|  |TAMS 0x0000000691800000| PB 0x0000000691800000| Untracked |  0
|  54|0x0000000691c00000, 0x0000000691c00000, 0x0000000692000000|  0%| F|  |TAMS 0x0000000691c00000| PB 0x0000000691c00000| Untracked |  0
|  55|0x0000000692000000, 0x0000000692000000, 0x0000000692400000|  0%| F|  |TAMS 0x0000000692000000| PB 0x0000000692000000| Untracked |  0
|  56|0x0000000692400000, 0x0000000692400000, 0x0000000692800000|  0%| F|  |TAMS 0x0000000692400000| PB 0x0000000692400000| Untracked |  0
|  57|0x0000000692800000, 0x0000000692800000, 0x0000000692c00000|  0%| F|  |TAMS 0x0000000692800000| PB 0x0000000692800000| Untracked |  0
|  58|0x0000000692c00000, 0x0000000692c00000, 0x0000000693000000|  0%| F|  |TAMS 0x0000000692c00000| PB 0x0000000692c00000| Untracked |  0
|  59|0x0000000693000000, 0x0000000693000000, 0x0000000693400000|  0%| F|  |TAMS 0x0000000693000000| PB 0x0000000693000000| Untracked |  0
|  60|0x0000000693400000, 0x0000000693400000, 0x0000000693800000|  0%| F|  |TAMS 0x0000000693400000| PB 0x0000000693400000| Untracked |  0
|  61|0x0000000693800000, 0x0000000693800000, 0x0000000693c00000|  0%| F|  |TAMS 0x0000000693800000| PB 0x0000000693800000| Untracked |  0
|  62|0x0000000693c00000, 0x0000000693c00000, 0x0000000694000000|  0%| F|  |TAMS 0x0000000693c00000| PB 0x0000000693c00000| Untracked |  0
|  63|0x0000000694000000, 0x0000000694000000, 0x0000000694400000|  0%| F|  |TAMS 0x0000000694000000| PB 0x0000000694000000| Untracked |  0
|  64|0x0000000694400000, 0x0000000694400000, 0x0000000694800000|  0%| F|  |TAMS 0x0000000694400000| PB 0x0000000694400000| Untracked |  0
|  65|0x0000000694800000, 0x0000000694800000, 0x0000000694c00000|  0%| F|  |TAMS 0x0000000694800000| PB 0x0000000694800000| Untracked |  0
|  66|0x0000000694c00000, 0x0000000694c00000, 0x0000000695000000|  0%| F|  |TAMS 0x0000000694c00000| PB 0x0000000694c00000| Untracked |  0
|  67|0x0000000695000000, 0x0000000695000000, 0x0000000695400000|  0%| F|  |TAMS 0x0000000695000000| PB 0x0000000695000000| Untracked |  0
|  68|0x0000000695400000, 0x0000000695400000, 0x0000000695800000|  0%| F|  |TAMS 0x0000000695400000| PB 0x0000000695400000| Untracked |  0
|  69|0x0000000695800000, 0x0000000695800000, 0x0000000695c00000|  0%| F|  |TAMS 0x0000000695800000| PB 0x0000000695800000| Untracked |  0
|  70|0x0000000695c00000, 0x0000000695c00000, 0x0000000696000000|  0%| F|  |TAMS 0x0000000695c00000| PB 0x0000000695c00000| Untracked |  0
|  71|0x0000000696000000, 0x0000000696000000, 0x0000000696400000|  0%| F|  |TAMS 0x0000000696000000| PB 0x0000000696000000| Untracked |  0
|  72|0x0000000696400000, 0x0000000696400000, 0x0000000696800000|  0%| F|  |TAMS 0x0000000696400000| PB 0x0000000696400000| Untracked |  0
|  73|0x0000000696800000, 0x0000000696800000, 0x0000000696c00000|  0%| F|  |TAMS 0x0000000696800000| PB 0x0000000696800000| Untracked |  0
|  74|0x0000000696c00000, 0x0000000696c00000, 0x0000000697000000|  0%| F|  |TAMS 0x0000000696c00000| PB 0x0000000696c00000| Untracked |  0
|  75|0x0000000697000000, 0x0000000697000000, 0x0000000697400000|  0%| F|  |TAMS 0x0000000697000000| PB 0x0000000697000000| Untracked |  0
|  76|0x0000000697400000, 0x0000000697400000, 0x0000000697800000|  0%| F|  |TAMS 0x0000000697400000| PB 0x0000000697400000| Untracked |  0
|  77|0x0000000697800000, 0x0000000697800000, 0x0000000697c00000|  0%| F|  |TAMS 0x0000000697800000| PB 0x0000000697800000| Untracked |  0
|  78|0x0000000697c00000, 0x0000000697c00000, 0x0000000698000000|  0%| F|  |TAMS 0x0000000697c00000| PB 0x0000000697c00000| Untracked |  0
|  79|0x0000000698000000, 0x0000000698000000, 0x0000000698400000|  0%| F|  |TAMS 0x0000000698000000| PB 0x0000000698000000| Untracked |  0
|  80|0x0000000698400000, 0x0000000698400000, 0x0000000698800000|  0%| F|  |TAMS 0x0000000698400000| PB 0x0000000698400000| Untracked |  0
|  81|0x0000000698800000, 0x0000000698800000, 0x0000000698c00000|  0%| F|  |TAMS 0x0000000698800000| PB 0x0000000698800000| Untracked |  0
|  82|0x0000000698c00000, 0x0000000698c00000, 0x0000000699000000|  0%| F|  |TAMS 0x0000000698c00000| PB 0x0000000698c00000| Untracked |  0
|  83|0x0000000699000000, 0x0000000699000000, 0x0000000699400000|  0%| F|  |TAMS 0x0000000699000000| PB 0x0000000699000000| Untracked |  0
|  84|0x0000000699400000, 0x0000000699400000, 0x0000000699800000|  0%| F|  |TAMS 0x0000000699400000| PB 0x0000000699400000| Untracked |  0
|  85|0x0000000699800000, 0x0000000699800000, 0x0000000699c00000|  0%| F|  |TAMS 0x0000000699800000| PB 0x0000000699800000| Untracked |  0
|  86|0x0000000699c00000, 0x0000000699c00000, 0x000000069a000000|  0%| F|  |TAMS 0x0000000699c00000| PB 0x0000000699c00000| Untracked |  0
|  87|0x000000069a000000, 0x000000069a000000, 0x000000069a400000|  0%| F|  |TAMS 0x000000069a000000| PB 0x000000069a000000| Untracked |  0
|  88|0x000000069a400000, 0x000000069a400000, 0x000000069a800000|  0%| F|  |TAMS 0x000000069a400000| PB 0x000000069a400000| Untracked |  0
|  89|0x000000069a800000, 0x000000069a800000, 0x000000069ac00000|  0%| F|  |TAMS 0x000000069a800000| PB 0x000000069a800000| Untracked |  0
|  90|0x000000069ac00000, 0x000000069ac00000, 0x000000069b000000|  0%| F|  |TAMS 0x000000069ac00000| PB 0x000000069ac00000| Untracked |  0
|  91|0x000000069b000000, 0x000000069b2e1500, 0x000000069b400000| 72%| E|  |TAMS 0x000000069b000000| PB 0x000000069b000000| Complete |  0
|  92|0x000000069b400000, 0x000000069b800000, 0x000000069b800000|100%| E|CS|TAMS 0x000000069b400000| PB 0x000000069b400000| Complete |  0
|  93|0x000000069b800000, 0x000000069bc00000, 0x000000069bc00000|100%| E|CS|TAMS 0x000000069b800000| PB 0x000000069b800000| Complete |  0
|  94|0x000000069bc00000, 0x000000069c000000, 0x000000069c000000|100%| E|CS|TAMS 0x000000069bc00000| PB 0x000000069bc00000| Complete |  0
|1518|0x00000007ffc00000, 0x00000007ffd1d1c0, 0x0000000800000000| 27%| O|  |TAMS 0x00000007ffc00000| PB 0x00000007ffc00000| Untracked |  0

Card table byte_map: [0x0000018d76b30000,0x0000018d77710000] _byte_map_base: 0x0000018d7370e000

Marking Bits: (CMBitMap*) 0x0000018d6d2f9150
 Bits: [0x0000018d77710000, 0x0000018d7d600000)

Polling page: 0x0000018d6ca30000

Metaspace:

Usage:
  Non-class:    942.26 KB used.
      Class:     56.12 KB used.
       Both:    998.38 KB used.

Virtual space:
  Non-class space:       64.00 MB reserved,       1.00 MB (  2%) committed,  1 nodes.
      Class space:        1.00 GB reserved,     128.00 KB ( <1%) committed,  1 nodes.
             Both:        1.06 GB reserved,       1.12 MB ( <1%) committed. 

Chunk freelists:
   Non-Class:  11.97 MB
       Class:  15.73 MB
        Both:  27.71 MB

MaxMetaspaceSize: unlimited
CompressedClassSpaceSize: 1.00 GB
Initial GC threshold: 21.00 MB
Current GC threshold: 21.00 MB
CDS: on
 - commit_granule_bytes: 65536.
 - commit_granule_words: 8192.
 - virtual_space_node_default_size: 8388608.
 - enlarge_chunks_in_place: 1.
UseCompressedClassPointers 1, UseCompactObjectHeaders 0
Narrow klass pointer bits 32, Max shift 3
Narrow klass base: 0x0000018d10000000, Narrow klass shift: 0
Encoding Range: [0x0000018d10000000 - 0x0000018e10000000), (4294967296 bytes)
Klass Range:    [0x0000018d10000000 - 0x0000018d51000000), (1090519040 bytes)
Klass ID Range:  [8 - 1090519033) (1090519025)


Internal statistics:

num_allocs_failed_limit: 0.
num_arena_births: 30.
num_arena_deaths: 0.
num_vsnodes_births: 2.
num_vsnodes_deaths: 0.
num_space_committed: 18.
num_space_uncommitted: 0.
num_chunks_returned_to_freelist: 0.
num_chunks_taken_from_freelist: 31.
num_chunk_merges: 0.
num_chunk_splits: 22.
num_chunks_enlarged: 13.
num_inconsistent_stats: 0.

CodeHeap 'non-profiled nmethods': size=120064Kb used=227Kb max_used=227Kb free=119836Kb
 bounds [0x0000018d07ac0000, 0x0000018d07d30000, 0x0000018d0f000000]
CodeHeap 'profiled nmethods': size=120000Kb used=787Kb max_used=787Kb free=119212Kb
 bounds [0x0000018d00000000, 0x0000018d00270000, 0x0000018d07530000]
CodeHeap 'non-nmethods': size=5696Kb used=1336Kb max_used=1357Kb free=4359Kb
 bounds [0x0000018d07530000, 0x0000018d077a0000, 0x0000018d07ac0000]
CodeCache: size=245760Kb, used=2350Kb, max_used=2371Kb, free=243407Kb
 total_blobs=1100, nmethods=695, adapters=310, full_count=0
Compilation: enabled, stopped_count=0, restarted_count=0

Compilation events (20 events):
Event: 0.445 Thread 0x0000018d7feb5720  654       1       java.lang.module.ModuleDescriptor$Version::toString (5 bytes)
Event: 0.445 Thread 0x0000018d0f2a0940  631       4       java.util.HashMap::hash (20 bytes)
Event: 0.445 Thread 0x0000018d7feb5720 nmethod 654 0x0000018d07af2588 code [0x0000018d07af2680, 0x0000018d07af2748]
Event: 0.446 Thread 0x0000018d7feb5720  655       3       java.lang.module.ResolvedModule::name (11 bytes)
Event: 0.447 Thread 0x0000018d7feb5720 nmethod 655 0x0000018d000b7588 code [0x0000018d000b76a0, 0x0000018d000b7888]
Event: 0.447 Thread 0x0000018d0f2a0940 nmethod 631 0x0000018d07af2888 code [0x0000018d07af2980, 0x0000018d07af2a78]
Event: 0.447 Thread 0x0000018d0f2a0940  635       4       java.util.ImmutableCollections$SetN$SetNIterator::hasNext (13 bytes)
Event: 0.448 Thread 0x0000018d0f2a0940 nmethod 635 0x0000018d07af3188 code [0x0000018d07af3280, 0x0000018d07af3308]
Event: 0.448 Thread 0x0000018d0f2a0940  637       4       java.util.HashMap::newNode (13 bytes)
Event: 0.448 Thread 0x0000018d7feb5720  658       3       java.util.HashSet::toArray (18 bytes)
Event: 0.448 Thread 0x0000018d7feb5720 nmethod 658 0x0000018d000b7908 code [0x0000018d000b7a20, 0x0000018d000b7d28]
Event: 0.449 Thread 0x0000018d7feb5720  660       1       java.lang.module.ResolvedModule::configuration (5 bytes)
Event: 0.449 Thread 0x0000018d7feb5720 nmethod 660 0x0000018d07af3788 code [0x0000018d07af3880, 0x0000018d07af3948]
Event: 0.449 Thread 0x0000018d7feb5720  659       1       java.lang.module.ModuleDescriptor::isOpen (5 bytes)
Event: 0.449 Thread 0x0000018d7feb5720 nmethod 659 0x0000018d07af3a88 code [0x0000018d07af3b80, 0x0000018d07af3c48]
Event: 0.449 Thread 0x0000018d7feb5720  662       3       java.util.ImmutableCollections$SetN::<init> (90 bytes)
Event: 0.450 Thread 0x0000018d0f2a0940 nmethod 637 0x0000018d07af3d88 code [0x0000018d07af3e80, 0x0000018d07af3f98]
Event: 0.450 Thread 0x0000018d0f2a0940  638       4       java.lang.module.ModuleDescriptor$Exports::isQualified (18 bytes)
Event: 0.450 Thread 0x0000018d7feb5720 nmethod 662 0x0000018d000b7d88 code [0x0000018d000b7fa0, 0x0000018d000b8f80]
Event: 0.450 Thread 0x0000018d7feb5720  663       3       java.util.Set::copyOf (40 bytes)

GC Heap History (0 events):
No events

Dll operation events (5 events):
Event: 0.025 Loaded shared library C:\Program Files\Java\jdk-24\bin\java.dll
Event: 0.082 Loaded shared library C:\Program Files\Java\jdk-24\bin\jsvml.dll
Event: 0.141 Loaded shared library C:\Program Files\Java\jdk-24\bin\net.dll
Event: 0.145 Loaded shared library C:\Program Files\Java\jdk-24\bin\nio.dll
Event: 0.150 Loaded shared library C:\Program Files\Java\jdk-24\bin\zip.dll

Deoptimization events (20 events):
Event: 0.421 Thread 0x0000018d6d273af0 Uncommon trap: trap_request=0xffffffc6 fr.pc=0x0000018d07aee25c relative=0x00000000000004dc
Event: 0.421 Thread 0x0000018d6d273af0 Uncommon trap: reason=bimorphic_or_optimized_type_check action=maybe_recompile pc=0x0000018d07aee25c method=java.util.stream.ReferencePipeline$Head.forEach(Ljava/util/function/Consumer;)V @ 12 c2
Event: 0.421 Thread 0x0000018d6d273af0 DEOPT PACKING pc=0x0000018d07aee25c sp=0x000000106a0fe1b0
Event: 0.421 Thread 0x0000018d6d273af0 DEOPT UNPACKING pc=0x0000018d075bf002 sp=0x000000106a0fe0d8 mode 2
Event: 0.427 Thread 0x0000018d6d273af0 Uncommon trap: trap_request=0xffffff4d fr.pc=0x0000018d07ad4fac relative=0x000000000000072c
Event: 0.427 Thread 0x0000018d6d273af0 Uncommon trap: reason=unstable_if action=reinterpret pc=0x0000018d07ad4fac method=java.util.ImmutableCollections$SetN.probe(Ljava/lang/Object;)I @ 34 c2
Event: 0.427 Thread 0x0000018d6d273af0 DEOPT PACKING pc=0x0000018d07ad4fac sp=0x000000106a0fe420
Event: 0.427 Thread 0x0000018d6d273af0 DEOPT UNPACKING pc=0x0000018d075bf002 sp=0x000000106a0fe3c0 mode 2
Event: 0.438 Thread 0x0000018d6d273af0 Uncommon trap: trap_request=0xfffffff4 fr.pc=0x0000018d07ace180 relative=0x00000000000001e0
Event: 0.438 Thread 0x0000018d6d273af0 Uncommon trap: reason=null_check action=make_not_entrant pc=0x0000018d07ace180 method=java.lang.String.equals(Ljava/lang/Object;)Z @ 8 c2
Event: 0.438 Thread 0x0000018d6d273af0 DEOPT PACKING pc=0x0000018d07ace180 sp=0x000000106a0fe730
Event: 0.438 Thread 0x0000018d6d273af0 DEOPT UNPACKING pc=0x0000018d075bf002 sp=0x000000106a0fe6c8 mode 2
Event: 0.439 Thread 0x0000018d6d273af0 Uncommon trap: trap_request=0xffffff4d fr.pc=0x0000018d07ad6fe0 relative=0x00000000000005a0
Event: 0.439 Thread 0x0000018d6d273af0 Uncommon trap: reason=unstable_if action=reinterpret pc=0x0000018d07ad6fe0 method=java.lang.StringLatin1.newString([BII)Ljava/lang/String; @ 1 c2
Event: 0.439 Thread 0x0000018d6d273af0 DEOPT PACKING pc=0x0000018d07ad6fe0 sp=0x000000106a0fe270
Event: 0.439 Thread 0x0000018d6d273af0 DEOPT UNPACKING pc=0x0000018d075bf002 sp=0x000000106a0fe1d0 mode 2
Event: 0.439 Thread 0x0000018d6d273af0 Uncommon trap: trap_request=0xffffff4d fr.pc=0x0000018d07ad63e0 relative=0x00000000000004a0
Event: 0.439 Thread 0x0000018d6d273af0 Uncommon trap: reason=unstable_if action=reinterpret pc=0x0000018d07ad63e0 method=java.lang.StringLatin1.newString([BII)Ljava/lang/String; @ 1 c2
Event: 0.440 Thread 0x0000018d6d273af0 DEOPT PACKING pc=0x0000018d07ad63e0 sp=0x000000106a0fe1f0
Event: 0.440 Thread 0x0000018d6d273af0 DEOPT UNPACKING pc=0x0000018d075bf002 sp=0x000000106a0fe1d0 mode 2

Classes loaded (20 events):
Event: 0.383 Loading class java/nio/file/DirectoryStream$Filter done
Event: 0.383 Loading class java/nio/file/Files$AcceptAllFilter done
Event: 0.383 Loading class sun/nio/fs/WindowsDirectoryStream
Event: 0.383 Loading class java/nio/file/DirectoryStream
Event: 0.383 Loading class java/nio/file/DirectoryStream done
Event: 0.384 Loading class sun/nio/fs/WindowsDirectoryStream done
Event: 0.386 Loading class java/nio/file/FileTreeWalker$DirectoryNode
Event: 0.386 Loading class java/nio/file/FileTreeWalker$DirectoryNode done
Event: 0.386 Loading class sun/nio/fs/WindowsDirectoryStream$WindowsDirectoryIterator
Event: 0.386 Loading class sun/nio/fs/WindowsDirectoryStream$WindowsDirectoryIterator done
Event: 0.386 Loading class java/nio/file/FileTreeWalker$Event
Event: 0.386 Loading class java/nio/file/FileTreeWalker$Event done
Event: 0.386 Loading class java/nio/file/FileTreeWalker$EventType
Event: 0.386 Loading class java/nio/file/FileTreeWalker$EventType done
Event: 0.395 Loading class sun/nio/fs/WindowsPath$WindowsPathWithAttributes
Event: 0.395 Loading class sun/nio/fs/BasicFileAttributesHolder
Event: 0.395 Loading class sun/nio/fs/BasicFileAttributesHolder done
Event: 0.395 Loading class sun/nio/fs/WindowsPath$WindowsPathWithAttributes done
Event: 0.423 Loading class jdk/internal/module/ModuleReferenceImpl$CachedHash
Event: 0.424 Loading class jdk/internal/module/ModuleReferenceImpl$CachedHash done

Classes unloaded (0 events):
No events

Classes redefined (0 events):
No events

Internal exceptions (5 events):
Event: 0.212 Thread 0x0000018d6d273af0 Exception <a 'java/lang/NoSuchMethodError'{0x000000069b87b608}: 'void java.lang.invoke.DirectMethodHandle$Holder.invokeSpecial(java.lang.Object, java.lang.Object, java.lang.Object)'> (0x000000069b87b608) 
thrown [s\open\src\hotspot\share\interpreter\linkResolver.cpp, line 805]
Event: 0.218 Thread 0x0000018d6d273af0 Exception <a 'java/lang/NoSuchMethodError'{0x000000069b8a1290}: 'java.lang.Object java.lang.invoke.DirectMethodHandle$Holder.invokeVirtual(java.lang.Object, java.lang.Object, java.lang.Object)'> (0x000000069b8a1290) 
thrown [s\open\src\hotspot\share\interpreter\linkResolver.cpp, line 805]
Event: 0.386 Thread 0x0000018d6d273af0 Exception <a 'java/lang/NoSuchMethodError'{0x000000069b73f2f8}: 'void java.lang.invoke.DirectMethodHandle$Holder.invokeVirtual(java.lang.Object, java.lang.Object)'> (0x000000069b73f2f8) 
thrown [s\open\src\hotspot\share\interpreter\linkResolver.cpp, line 805]
Event: 0.391 Thread 0x0000018d6d273af0 Exception <a 'java/lang/NoSuchMethodError'{0x000000069b75db20}: 'java.lang.Object java.lang.invoke.DirectMethodHandle$Holder.invokeInterface(java.lang.Object, java.lang.Object, java.lang.Object)'> (0x000000069b75db20) 
thrown [s\open\src\hotspot\share\interpreter\linkResolver.cpp, line 805]
Event: 0.438 Thread 0x0000018d6d273af0 Implicit null exception at 0x0000018d07acdfd3 to 0x0000018d07ace170

VM Operations (4 events):
Event: 0.209 Executing VM operation: HandshakeAllThreads (Deoptimize)
Event: 0.209 Executing VM operation: HandshakeAllThreads (Deoptimize) done
Event: 0.423 Executing VM operation: HandshakeAllThreads (Deoptimize)
Event: 0.423 Executing VM operation: HandshakeAllThreads (Deoptimize) done

Memory protections (0 events):
No events

Nmethod flushes (0 events):
No events

Events (12 events):
Event: 0.051 Thread 0x0000018d6d273af0 Thread added: 0x0000018d6d273af0
Event: 0.074 Thread 0x0000018d6d273af0 Thread added: 0x0000018d7fe87b90
Event: 0.075 Thread 0x0000018d6d273af0 Thread added: 0x0000018d7fe884d0
Event: 0.075 Thread 0x0000018d6d273af0 Thread added: 0x0000018d7fe8b010
Event: 0.075 Thread 0x0000018d6d273af0 Thread added: 0x0000018d7fe8bb40
Event: 0.075 Thread 0x0000018d6d273af0 Thread added: 0x0000018d7fe8c670
Event: 0.075 Thread 0x0000018d6d273af0 Thread added: 0x0000018d7fe8e5b0
Event: 0.075 Thread 0x0000018d6d273af0 Thread added: 0x0000018d7fe8f410
Event: 0.076 Thread 0x0000018d6d273af0 Thread added: 0x0000018d7feb5720
Event: 0.138 Thread 0x0000018d6d273af0 Thread added: 0x0000018d0f1b47c0
Event: 0.197 Thread 0x0000018d7feb5720 Thread added: 0x0000018d0f2a0940
Event: 0.315 Thread 0x0000018d7feb5720 Thread added: 0x0000018d0f4b6b60


Dynamic libraries:
0x00007ff675e40000 - 0x00007ff675e50000 	C:\Program Files\Java\jdk-24\bin\java.exe
0x00007ffbb6920000 - 0x00007ffbb6b89000 	C:\WINDOWS\SYSTEM32\ntdll.dll
0x00007ffbb4ed0000 - 0x00007ffbb4f99000 	C:\WINDOWS\System32\KERNEL32.DLL
0x00007ffbb3f50000 - 0x00007ffbb4343000 	C:\WINDOWS\System32\KERNELBASE.dll
0x00007ffbb3cd0000 - 0x00007ffbb3e1b000 	C:\WINDOWS\System32\ucrtbase.dll
0x00007ffbabce0000 - 0x00007ffbabcfb000 	C:\Program Files\Java\jdk-24\bin\VCRUNTIME140.dll
0x00007ffb742b0000 - 0x00007ffb742c6000 	C:\Program Files\Java\jdk-24\bin\jli.dll
0x00007ffbb4a40000 - 0x00007ffbb4c04000 	C:\WINDOWS\System32\USER32.dll
0x00007ffbb4630000 - 0x00007ffbb4657000 	C:\WINDOWS\System32\win32u.dll
0x00007ffba2020000 - 0x00007ffba22b3000 	C:\WINDOWS\WinSxS\amd64_microsoft.windows.common-controls_6595b64144ccf1df_6.0.26100.5074_none_3e0d6f78e32fd63f\COMCTL32.dll
0x00007ffbb54e0000 - 0x00007ffbb550b000 	C:\WINDOWS\System32\GDI32.dll
0x00007ffbb3e20000 - 0x00007ffbb3f4d000 	C:\WINDOWS\System32\gdi32full.dll
0x00007ffbb6570000 - 0x00007ffbb6619000 	C:\WINDOWS\System32\msvcrt.dll
0x00007ffbb44c0000 - 0x00007ffbb4563000 	C:\WINDOWS\System32\msvcp_win.dll
0x00007ffbb6140000 - 0x00007ffbb616f000 	C:\WINDOWS\System32\IMM32.DLL
0x00007ffbb02e0000 - 0x00007ffbb02ec000 	C:\Program Files\Java\jdk-24\bin\vcruntime140_1.dll
0x00007ffb6cb00000 - 0x00007ffb6cb8e000 	C:\Program Files\Java\jdk-24\bin\msvcp140.dll
0x00007ffb25bb0000 - 0x00007ffb26952000 	C:\Program Files\Java\jdk-24\bin\server\jvm.dll
0x00007ffbb5fa0000 - 0x00007ffbb6054000 	C:\WINDOWS\System32\ADVAPI32.dll
0x00007ffbb5430000 - 0x00007ffbb54d6000 	C:\WINDOWS\System32\sechost.dll
0x00007ffbb5e00000 - 0x00007ffbb5f18000 	C:\WINDOWS\System32\RPCRT4.dll
0x00007ffbb4cc0000 - 0x00007ffbb4d34000 	C:\WINDOWS\System32\WS2_32.dll
0x00007ffbb3910000 - 0x00007ffbb396e000 	C:\WINDOWS\SYSTEM32\POWRPROF.dll
0x00007ffba8dc0000 - 0x00007ffba8dcb000 	C:\WINDOWS\SYSTEM32\VERSION.dll
0x00007ffbb1460000 - 0x00007ffbb1495000 	C:\WINDOWS\SYSTEM32\WINMM.dll
0x00007ffbb38f0000 - 0x00007ffbb3904000 	C:\WINDOWS\SYSTEM32\UMPDC.dll
0x00007ffbb2860000 - 0x00007ffbb287b000 	C:\WINDOWS\SYSTEM32\kernel.appcore.dll
0x00007ffbada10000 - 0x00007ffbada1a000 	C:\Program Files\Java\jdk-24\bin\jimage.dll
0x00007ffbb11d0000 - 0x00007ffbb1412000 	C:\WINDOWS\SYSTEM32\DBGHELP.DLL
0x00007ffbb61f0000 - 0x00007ffbb656b000 	C:\WINDOWS\System32\combase.dll
0x00007ffbb6060000 - 0x00007ffbb6137000 	C:\WINDOWS\System32\OLEAUT32.dll
0x00007ffbb1420000 - 0x00007ffbb145d000 	C:\WINDOWS\SYSTEM32\dbgcore.DLL
0x00007ffbb3ab0000 - 0x00007ffbb3b49000 	C:\WINDOWS\System32\bcryptPrimitives.dll
0x00007ffb8e320000 - 0x00007ffb8e32f000 	C:\Program Files\Java\jdk-24\bin\instrument.dll
0x00007ffb6f7e0000 - 0x00007ffb6f7fe000 	C:\Program Files\Java\jdk-24\bin\java.dll
0x00007ffbb5c60000 - 0x00007ffbb5df8000 	C:\WINDOWS\System32\ole32.dll
0x00007ffbb5510000 - 0x00007ffbb5c5d000 	C:\WINDOWS\System32\SHELL32.dll
0x00007ffbb4350000 - 0x00007ffbb44bc000 	C:\WINDOWS\System32\wintypes.dll
0x00007ffbb16d0000 - 0x00007ffbb1f29000 	C:\WINDOWS\SYSTEM32\windows.storage.dll
0x00007ffbb4910000 - 0x00007ffbb4a00000 	C:\WINDOWS\System32\SHCORE.dll
0x00007ffbb6180000 - 0x00007ffbb61e2000 	C:\WINDOWS\System32\shlwapi.dll
0x00007ffbb39d0000 - 0x00007ffbb39f9000 	C:\WINDOWS\SYSTEM32\profapi.dll
0x00007ffb42440000 - 0x00007ffb42517000 	C:\Program Files\Java\jdk-24\bin\jsvml.dll
0x00007ffbabc70000 - 0x00007ffbabc80000 	C:\Program Files\Java\jdk-24\bin\net.dll
0x00007ffbb2e10000 - 0x00007ffbb2e7b000 	C:\WINDOWS\system32\mswsock.dll
0x00007ffb6f7c0000 - 0x00007ffb6f7d6000 	C:\Program Files\Java\jdk-24\bin\nio.dll
0x00007ffb6f230000 - 0x00007ffb6f247000 	C:\Program Files\Java\jdk-24\bin\zip.dll

JVMTI agents:
C:\Program Files\JetBrains\IntelliJ IDEA Community Edition 2025.2.1\lib\idea_rt.jar path:C:\Program Files\Java\jdk-24\bin\instrument.dll, loaded, initialized, instrumentlib options:65076

dbghelp: loaded successfully - version: 4.0.5 - missing functions: none
symbol engine: initialized successfully - sym options: 0x614 - pdb path: .;C:\Program Files\Java\jdk-24\bin;C:\WINDOWS\SYSTEM32;C:\WINDOWS\WinSxS\amd64_microsoft.windows.common-controls_6595b64144ccf1df_6.0.26100.5074_none_3e0d6f78e32fd63f;C:\Program Files\Java\jdk-24\bin\server

VM Arguments:
jvm_args: -javaagent:C:\Program Files\JetBrains\IntelliJ IDEA Community Edition 2025.2.1\lib\idea_rt.jar=65076 -Dfile.encoding=UTF-8 -Dsun.stdout.encoding=UTF-8 -Dsun.stderr.encoding=UTF-8 --module-path=C:\Users\Admin\.m2\repository\org\kordamp\bootstrapfx\bootstrapfx-core\0.4.0\bootstrapfx-core-0.4.0.jar;C:\Users\Admin\.m2\repository\eu\hansolo\tilesfx\21.0.9\tilesfx-21.0.9.jar;C:\Users\Admin\.m2\repository\com\fasterxml\jackson\core\jackson-databind\2.14.2\jackson-databind-2.14.2.jar;C:\Users\Admin\.m2\repository\eu\hansolo\fx\countries\21.0.17\countries-21.0.17.jar;C:\Users\Admin\.m2\repository\eu\hansolo\fx\heatmap\21.0.5\heatmap-21.0.5.jar;C:\Users\Admin\.m2\repository\com\gluonhq\attach\storage\4.0.17\storage-4.0.17.jar;C:\Users\Admin\.m2\repository\com\github\almasb\fxgl\17.3\fxgl-17.3.jar;C:\Users\Admin\.m2\repository\org\openjfx\javafx-base\21.0.6\javafx-base-21.0.6-win.jar;C:\Users\Admin\.m2\repository\org\kordamp\ikonli\ikonli-javafx\12.3.1\ikonli-javafx-12.3.1.jar;C:\Users\Admin\.m2\repository\org\kordamp\ikonli\ikonli-core\12.3.1\ikonli-core-12.3.1.jar;C:\Users\Admin\.m2\repository\com\github\almasb\fxgl-gameplay\17.3\fxgl-gameplay-17.3.jar;C:\Users\Admin\.m2\repository\org\jetbrains\kotlin\kotlin-stdlib\1.8.10\kotlin-stdlib-1.8.10.jar;C:\Users\Admin\.m2\repository\org\openjfx\javafx-graphics\21.0.6\javafx-graphics-21.0.6-win.jar;C:\Users\Admin\.m2\repository\org\openjfx\javafx-swing\21.0.6\javafx-swing-21.0.6-win.jar;C:\Users\Admin\.m2\repository\com\github\almasb\fxgl-core\17.3\fxgl-core-17.3.jar;C:\Users\Admin\.m2\repository\com\github\almasb\fxgl-io\17.3\fxgl-io-17.3.jar;C:\Users\Admin\.m2\repository\com\dlsc\formsfx\formsfx-core\11.6.0\formsfx-core-11.6.0.jar;C:\Users\Admin\.m2\repository\org\controlsfx\controlsfx\11.2.1\controlsfx-11.2.1.jar;C:\Users\Admin\.m2\repository\net\synedra\validatorfx\0.6.1\validatorfx-0.6.1.jar;C:\Users\Admin\.m2\repository\com\gluonhq\attach\audio\4.0.17\audio-4.0.17.jar;C:\Users\Admin\.m2\repository\org\openjfx\javafx-fxml\21.0.6\javafx-fxml-21.0.6-win.jar;C:\Users\Admin\.m2\repository\eu\hansolo\toolboxfx\21.0.5\toolboxfx-21.0.5.jar;C:\Users\Admin\.m2\repository\com\fasterxml\jackson\core\jackson-anno-Djdk.module.main=com.example.ultraviewdemo 
java_command: com.example.ultraviewdemo/com.example.ultraviewdemo.client.ViewerClient
java_class_path (initial): C:\Users\Admin\.m2\repository\org\openjfx\javafx-controls\21.0.6\javafx-controls-21.0.6.jar;C:\Users\Admin\.m2\repository\org\openjfx\javafx-graphics\21.0.6\javafx-graphics-21.0.6.jar;C:\Users\Admin\.m2\repository\org\openjfx\javafx-base\21.0.6\javafx-base-21.0.6.jar;C:\Users\Admin\.m2\repository\org\openjfx\javafx-fxml\21.0.6\javafx-fxml-21.0.6.jar;C:\Users\Admin\.m2\repository\org\openjfx\javafx-web\21.0.6\javafx-web-21.0.6.jar;C:\Users\Admin\.m2\repository\org\openjfx\javafx-swing\21.0.6\javafx-swing-21.0.6.jar;C:\Users\Admin\.m2\repository\org\openjfx\javafx-media\21.0.6\javafx-media-21.0.6.jar;C:\Users\Admin\.m2\repository\org\jetbrains\kotlin\kotlin-stdlib-common\1.8.10\kotlin-stdlib-common-1.8.10.jar;C:\Users\Admin\.m2\repository\org\jetbrains\annotations\13.0\annotations-13.0.jar
Launcher Type: SUN_STANDARD

[Global flags]
     intx CICompilerCount                          = 4                                         {product} {ergonomic}
     uint ConcGCThreads                            = 2                                         {product} {ergonomic}
     uint G1ConcRefinementThreads                  = 8                                         {product} {ergonomic}
   size_t G1HeapRegionSize                         = 4194304                                   {product} {ergonomic}
   size_t InitialHeapSize                          = 398458880                                 {product} {ergonomic}
   size_t MarkStackSize                            = 4194304                                   {product} {ergonomic}
   size_t MarkStackSizeMax                         = 536870912                                 {product} {ergonomic}
   size_t MaxHeapSize                              = 6371147776                                {product} {ergonomic}
   size_t MaxNewSize                               = 3821010944                                {product} {ergonomic}
   size_t MinHeapDeltaBytes                        = 4194304                                   {product} {ergonomic}
   size_t MinHeapSize                              = 8388608                                   {product} {ergonomic}
    uintx NonNMethodCodeHeapSize                   = 5832704                                {pd product} {ergonomic}
    uintx NonProfiledCodeHeapSize                  = 122945536                              {pd product} {ergonomic}
    uintx ProfiledCodeHeapSize                     = 122880000                              {pd product} {ergonomic}
    uintx ReservedCodeCacheSize                    = 251658240                              {pd product} {ergonomic}
     bool SegmentedCodeCache                       = true                                      {product} {ergonomic}
   size_t SoftMaxHeapSize                          = 6371147776                             {manageable} {ergonomic}
     bool UseCompressedOops                        = true                           {product lp64_product} {ergonomic}
     bool UseG1GC                                  = true                                      {product} {ergonomic}
     bool UseLargePagesIndividualAllocation        = false                                  {pd product} {ergonomic}

Logging:
Log output configuration:
 #0: stdout all=warning uptime,level,tags foldmultilines=false
 #1: stderr all=off uptime,level,tags foldmultilines=false

Environment Variables:
JAVA_HOME=C:\Program Files\Java\jdk-24\
PATH=c:\Users\Admin\AppData\Local\Programs\cursor\resources\app\bin;C:\Program Files\Common Files\Oracle\Java\javapath;C:\Program Files\Python313\Scripts\;C:\Program Files\Python313\;C:\WINDOWS\system32;C:\WINDOWS;C:\WINDOWS\System32\Wbem;C:\WINDOWS\System32\WindowsPowerShell\v1.0\;C:\WINDOWS\System32\OpenSSH\;C:\Program Files\TortoiseGit\bin;C:\Program Files\Git\cmd;D:\MinhHuyen\Learn\xampp\php;C:\composer;C:\Program Files\nodejs\;C:\Program Files\dotnet\;C:\Users\Admin\AppData\Local\Programs\Python\Launcher\;C:\Program Files\MySQL\MySQL Shell 8.0\bin\;C:\Users\Admin\AppData\Local\Microsoft\WindowsApps;C:\Users\Admin\AppData\Roaming\Composer\vendor\bin;D:\kotlinc\bin;C:\Users\Admin\AppData\Roaming\npm;c:\Users\Admin\AppData\Local\Programs\cursor\resources\app\bin;C:\Users\Admin\AppData\Local\Programs\Python\Launcher\;C:\Program Files\MySQL\MySQL Shell 8.0\bin\;C:\Users\Admin\AppData\Local\Microsoft\WindowsApps;C:\Users\Admin\AppData\Local\Programs\Microsoft VS Code\bin;C:\Users\Admin\AppData\Roaming\Composer\vendor\bin;D:\kotlinc\bin;C:\Users\Admin\AppData\Roaming\npm;C:\Users\Admin\AppData\Local\Programs\cursor\resources\app\bin;C:\Program Files\JetBrains\IntelliJ IDEA Community Edition 2025.2.1\bin
USERNAME=Admin
OS=Windows_NT
PROCESSOR_IDENTIFIER=Intel64 Family 6 Model 140 Stepping 1, GenuineIntel
TMP=C:\Users\Admin\AppData\Local\Temp
TEMP=C:\Users\Admin\AppData\Local\Temp




Periodic native trim disabled

---------------  S Y S T E M  ---------------

OS:
 Windows 11 , 64 bit Build 26100 (10.0.26100.5074)
OS uptime: 10 days 5:01 hours
Hyper-V role detected

CPU: total 8 (initial active 8) (4 cores per cpu, 2 threads per core) family 6 model 140 stepping 1 microcode 0xb8, cx8, cmov, fxsr, ht, mmx, 3dnowpref, sse, sse2, sse3, ssse3, sse4.1, sse4.2, popcnt, lzcnt, tsc, tscinvbit, avx, avx2, aes, erms, clmul, bmi1, bmi2, adx, avx512f, avx512dq, avx512cd, avx512bw, avx512vl, sha, fma, vzeroupper, avx512_vpopcntdq, avx512_vpclmulqdq, avx512_vaes, avx512_vnni, clflush, clflushopt, clwb, avx512_vbmi2, avx512_vbmi, hv, rdtscp, rdpid, fsrm, gfni, avx512_bitalg, f16c, cet_ibt, cet_ss, avx512_ifma
Processor Information for the first 8 processors :
  Max Mhz: 1382, Current Mhz: 1382, Mhz Limit: 1382

Memory: 4k page, system-wide physical 24298M (3947M free)
TotalPageFile size 27401M (AvailPageFile size 0M)
current process WorkingSet (physical memory assigned to process): 70M, peak: 70M
current process commit charge ("private bytes"): 487M, peak: 489M

vm_info: Java HotSpot(TM) 64-Bit Server VM (24.0.1+9-30) for windows-amd64 JRE (24.0.1+9-30), built on 2025-03-05T07:23:45Z with MS VC++ 17.6 (VS2022)

END.
